Hello from Tiny Steward - verification step
I'm here to help you with your tasks
With knowledge and skills that never fade
Let's work together and make great strides